// Jest Snapshot v1, https://goo.gl/fbAQLP

exports[`<NotFound /> should render NotFound page (snapshot) 1`] = `
<DocumentFragment>
  <div
    class="root"
  >
    <span>
      code
    </span>
    <h1>
      text
    </h1>
    <button
      class="root btn"
      type="button"
    >
      buttons.home
    </button>
  </div>
</DocumentFragment>
`;
